---
source: tui/src/status/tests.rs
expression: sanitized
---
/status

╭─────────────────────────────────────────────────────────────────────────────╮
│  >_ OpenAI Codex (v0.0.0)                                                   │
│                                                                             │
│ Visit https://chatgpt.com/codex/settings/usage for up-to-date               │
│ information on rate limits and credits                                      │
│                                                                             │
│  Model:            gpt-5.1-codex-max (reasoning none, summaries auto)       │
│  Directory: [[workspace]]                                                   │
│  Permissions:      Custom (workspace with network access, Ask for approval) │
│  Agents.md:        <none>                                                   │
│                                                                             │
│  Token usage:      750 total  (500 input + 250 output)                      │
│  Context window:   100% left (750 used / 272K)                              │
│  5h limit:         [███████████░░░░░░░░░] 55% left (resets 08:24)           │
│  Weekly limit:     [██████████████░░░░░░] 70% left (resets 08:54)           │
╰─────────────────────────────────────────────────────────────────────────────╯
