---
source: tui/src/keymap_setup.rs
expression: "render_picker(params, 120)"
---

  Keymap
  All configurable shortcuts.
  109 actions, 0 customized, 3 unbound.

  [All]  Common  Customized (0)  Unbound (3)  App  Composer  Editor  Vim  Navigation  Approval  Debug

  Type to search shortcuts
› Global         Open Transcript            ctrl-t
  Global         Open External Editor       ctrl-g
  Global         Copy                       ctrl-o
  Global         Clear Terminal             ctrl-l
  Global       - Toggle Vim Mode            unbound
  Global       - Toggle Fast Mode           unbound
  Global         Toggle Raw Output          alt-r
  Chat           Interrupt Turn             esc

  left/right group · enter edit shortcut · * custom · - unbound · esc close
