---
source: tui/src/keymap_setup.rs
expression: "render_picker(params, 120)"
---

  Keymap
  All configurable shortcuts.
  107 actions, 1 customized, 2 unbound.

  [All]  Common  Customized (1)  Unbound (2)  App  Composer  Editor  Vim  Navigation  Approval  Debug

  Type to search shortcuts
› Global         Open Transcript            ctrl-t
  Global         Open External Editor       ctrl-g
  Global         Copy                       ctrl-o
  Global         Clear Terminal             ctrl-l
  Global       - Toggle Vim Mode            unbound
  Global         Toggle Raw Output          alt-r
  Chat           Interrupt Turn             esc
  Chat           Decrease Reasoning Effort  alt-,

  left/right group · enter edit shortcut · * custom · - unbound · esc close
