---
source: tui/src/external_agent_config_migration.rs
expression: rendered
---

  > Import from another coding agent
  Bring over your setup, current project, and recent chats.
  Codex may add files to your current project folder.
  Your existing agent setup will not be changed.
  Cloud-hosted chat data cannot be imported.
    [x] Tools & setup
        Settings, instructions, integrations, agents, commands, and skills
    [x] Current project
        Add Codex files alongside your existing project files
    [x] Chat sessions (1)
        Last 30 days of chats

  Selected 4 of 4 items.
  › 1. Import selected
    2. Customize selection
    3. Cancel
  Use ↑/↓ to move, enter to select, c to customize
