---
source: tui/src/startup_hooks_review.rs
expression: "render_lines(&view, 62)"
---

  Hooks need review
  2 hooks are new or changed.
  Hooks can run outside the sandbox after you trust them.
  Failed to trust hooks: config/batchWrite failed in TUI:
  Invalid configuration: features.fast_mode=true is not
  supported; allowed set [fast_mode=false]

› 1. Review hooks
  2. Trust all and continue
  3. Continue without trusting (hooks won't run)

  Press enter to confirm or esc to go back
