---
source: tui/src/bottom_pane/chat_composer.rs
expression: terminal.backend()
---
"                                                            "
"› /bt                                                       "
"                                                            "
"                                                            "
"  /btw  start a side conversation in an ephemeral fork      "
