---
source: tui/src/bottom_pane/chat_composer.rs
expression: terminal.backend()
---
"                                                                                                    "
"› Ask Codex to do anything                                                                          "
"                                                                                                    "
"                                                                                                    "
"                                                                                                    "
"                                                                                                    "
"                                                                                                    "
"                                                                                                    "
"  / for commands                             ! for shell commands                                   "
"  shift + enter for newline                  tab to submit message                                  "
"  @ for file paths                           ctrl + v to paste images                               "
"  ctrl + g to edit in external editor        esc again to edit previous message                     "
"  ctrl + r search history                    ctrl + c to exit                                       "
"  ⌥ + , reasoning down                       ⌥ + . reasoning up                                     "
"  ctrl + t to view transcript                                                                       "
"                                                                                                    "
"  customize shortcuts with /keymap                                                                  "
