---
source: tui/src/bottom_pane/command_popup.rs
expression: "format!(\"{buf:?}\")"
---
Buffer {
    area: Rect { x: 0, y: 0, width: 72, height: 2 },
    content: [
        "  /app      continue this session in Codex Desktop                      ",
        "  /approve  approve one retry of a recent auto-review denial            ",
    ],
    styles: [
        x: 0, y: 0, fg: Reset, bg: Reset, underline: Reset, modifier: NONE,
        x: 2, y: 0, fg: Cyan, bg: Reset, underline: Reset, modifier: BOLD,
        x: 50, y: 0, fg: Reset, bg: Reset, underline: Reset, modifier: NONE,
        x: 3, y: 1, fg: Reset, bg: Reset, underline: Reset, modifier: BOLD,
        x: 6, y: 1, fg: Reset, bg: Reset, underline: Reset, modifier: NONE,
        x: 12, y: 1, fg: Reset, bg: Reset, underline: Reset, modifier: DIM,
        x: 60, y: 1, fg: Reset, bg: Reset, underline: Reset, modifier: NONE,
    ]
}
