---
source: tui/src/bottom_pane/chat_composer.rs
expression: terminal.backend()
---
"                                                            "
"› /si                                                       "
"                                                            "
"                                                            "
"  /side  start a side conversation in an ephemeral fork     "
