---
source: tui/src/chatwidget/tests/popups_and_settings.rs
expression: popup
---
  Hooks
  Lifecycle hooks from config and enabled plugins.

  Issues
  ⚠ skipped invalid matcher for PreToolUse
  ■ /tmp/hooks.json: failed to parse hooks config

  Event                 Installed   Active      Description
  PreToolUse            0           0           Before a tool executes
  PermissionRequest     0           0           When permission is requested
  PostToolUse           0           0           After a tool executes
  PreCompact            0           0           Before context compaction
  PostCompact           0           0           After context compaction
  SessionStart          0           0           When a new session starts
  UserPromptSubmit      0           0           When the user submits a prompt
  SubagentStart         0           0           When a subagent is created
  SubagentStop          0           0           Right before a subagent ends its turn
  Stop                  0           0           Right before Codex ends its turn

  Press enter to view hooks; esc to close
