---
source: tui/src/chatwidget/tests/permissions.rs
expression: "render_bottom_popup(&chat, 120)"
---
  Your organization requires the default Codex agent sandbox to continue. Set it up to protect your files and control
  network access.
  Learn more <https://developers.openai.com/codex/windows>

› 1. Set up default sandbox (requires Administrator permissions)
  2. Quit

  Press enter to confirm or esc to go back
