---
source: tui/src/chatwidget/tests/slash_commands.rs
expression: popup
---
  Archive this session?
  Are you sure? This will archive the current session and exit Codex

› 1. No, don't archive      Return to the current session
  2. Yes, archive and exit  Archive this session now

  Press enter to confirm or esc to go back
