---
source: tui/src/chatwidget/tests/popups_and_settings.rs
expression: popup
---
  Select Reasoning Level for gpt-5.4

  1. Low               Fast responses with lighter reasoning
  2. Medium (default)  Balances speed and reasoning depth for everyday tasks
› 3. High (current)    Greater reasoning depth for complex problems
  4. Extra high        Extra high reasoning depth for complex problems
  5. max               Maximum available reasoning

  Press enter to confirm or esc to go back
