---
source: tui/src/chatwidget/tests/status_surface_previews.rs
expression: terminal_title_popup_snapshot(&mut chat)
---
  Configure Terminal Title
  Select which items to display in the terminal title.

  Type to search
  >
› [x] monthly-limit  Remaining usage on the monthly usage limit (omitted when unavailable)
  [x] weekly-limit   Remaining usage on the weekly usage limit (omitted when unavailable)
  [ ] app-name       Codex app name
  [ ] project-name   Project name (falls back to current directory name)
  [ ] current-dir    Current working directory
  [ ] activity       Spinner while working, action-required message while blocked.
  [ ] run-state      Compact session run-state text (Ready, Working, Thinking)
  [ ] thread-title   Current thread title, or thread identifier when unnamed

  monthly 65% left | weekly 50% left
  Press space to toggle; ←/→ to move; enter to confirm and close; esc to close
