---
source: tui/src/history_cell/tests.rs
expression: rendered
---
╭────────────────────────────────────────────────────────────────────────────────────────────────────────────╮
│ ✨ Update available! 0.0.0 -> 9.9.9                                                                        │
│ Run powershell -ExecutionPolicy Bypass -c '$env:CODEX_NON_INTERACTIVE=1; irm                               │
│ https://chatgpt.com/codex/install.ps1 | iex' to update.                                                    │
│                                                                                                            │
│ See full release notes:                                                                                    │
│ https://github.com/openai/codex/releases/latest                                                            │
╰────────────────────────────────────────────────────────────────────────────────────────────────────────────╯
